
ASUS@DESKTOP-BMVEPON MINGW64 ~/assignment
$ cd source

ASUS@DESKTOP-BMVEPON MINGW64 ~/assignment/source
$ ls
file.txt

ASUS@DESKTOP-BMVEPON MINGW64 ~/assignment/source
$ cat > file.txt
hi this is joy bhattacharya

ASUS@DESKTOP-BMVEPON MINGW64 ~/assignment/source
$ cd ..

ASUS@DESKTOP-BMVEPON MINGW64 ~/assignment
$ cp source/file.txt destination

ASUS@DESKTOP-BMVEPON MINGW64 ~/assignment
$ cd destination

ASUS@DESKTOP-BMVEPON MINGW64 ~/assignment/destination
$ ls
hi this is joy bhattacharya. functionup provides very good oppourtunity to the present generations students. functionup takes no prior fees from any students 
file.txt

ASUS@DESKTOP-BMVEPON MINGW64 ~/assignment/destination
$ rm file.txt

ASUS@DESKTOP-BMVEPON MINGW64 ~/assignment/destination
$ ls

ASUS@DESKTOP-BMVEPON MINGW64 ~/assignment/destination
$ cd ..

ASUS@DESKTOP-BMVEPON MINGW64 ~/assignment
$ cd source

ASUS@DESKTOP-BMVEPON MINGW64 ~/assignment/source
$ mv file.txt C:\Users\ASUS\assignment\destination

ASUS@DESKTOP-BMVEPON MINGW64 ~/assignment/source
$ cd ..

ASUS@DESKTOP-BMVEPON MINGW64 ~/assignment
$ cd destination

ASUS@DESKTOP-BMVEPON MINGW64 ~/assignment/destination
$ ls
C:UsersASUSassignmentdestination

ASUS@DESKTOP-BMVEPON MINGW64 ~/assignment/destination
$ ls
file.txt

ASUS@DESKTOP-BMVEPON MINGW64 ~/assignment/destination
$ vim file.txt

ASUS@DESKTOP-BMVEPON MINGW64 ~/assignment/destination
$ grep -i "functionup" file.txt
hi this is joy bhattacharya. functionup provides very good oppourtunity to the present generations students. functionup takes no prior fees from any students 
and they give a 100% placement to the future techies. functionup ties up with eduvanz which is a NBFC i.e non banking funding company. i joined functionup as 
a student in oct 18th of this month.

ASUS@DESKTOP-BMVEPON MINGW64 ~/assignment/destination
$ dir
file.txt

ASUS@DESKTOP-BMVEPON MINGW64 ~/assignment/destination
$ dir d:/output.txt
dir: cannot access 'd:/output.txt': No such file or directory

ASUS@DESKTOP-BMVEPON MINGW64 ~/assignment/destination
$ dir>d:/output.txt

ASUS@DESKTOP-BMVEPON MINGW64 ~/assignment/destination
$
